// Vitest Snapshot v1, https://vitest.dev/guide/snapshot.html

exports[`Button component > matches snapshot 1`] = `
.emotion-0 {
  position: relative;
  border: none;
  display: inline-block;
  box-sizing: border-box;
  outline: none;
  font-weight: 600;
  font-size: 16px;
  line-height: 22px;
  cursor: pointer;
  border-radius: 900px;
  padding: 12px 24px;
  background-color: #026fe4;
  color: #ffffff;
  box-shadow: none;
}

.emotion-0:hover {
  background-color: #012144;
  box-shadow: none;
}

.emotion-0:active {
  background-color: #026fe4;
}

.emotion-0:active::before,
.emotion-0:focus::before,
.emotion-0 {
  opacity: 1;
}

.emotion-0::before {
  opacity: 0;
  position: absolute;
  -webkit-transition: opacity 0.2s ease-in-out;
  transition: opacity 0.2s ease-in-out;
  content: '';
  width: calc(100% - 4px);
  height: calc(100% - 4px);
  border: 2px solid #333333;
  border-radius: 900px;
  left: 0;
  top: 0;
}

<body>
  <div>
    <button
      class="emotion-0 emotion-1"
      type="button"
    >
      Hello!
    </button>
  </div>
</body>
`;
